// Jest Snapshot v1, https://goo.gl/fbAQLP

exports[`<LoginScreen> Tests component should render  1`] = `
Array [
  " ",
  Array [
    " ",
    Array [
      <h3
        className="auth__title"
      >
        Login
      </h3>,
      <form
        className="animate__animated animate__fadeIn animate__faster"
        onSubmit={[Function]}
      >
        <input
          className="auth__input"
          name="email"
          onChange={[Function]}
          placeholder="email"
          type="text"
          value="rankirlian@gmail.com"
        />
        <input
          className="auth__input"
          name="password"
          onChange={[Function]}
          placeholder="password"
          type="password"
          value="abc123"
        />
        <button
          className="btn btn-primary"
          disabled={false}
          type="submit"
        >
          Login
        </button>
        <br />
        <div
          className="auth__social-networks"
        >
          <p>
            Login with social networks
          </p>
          <div
            className="google-btn"
            onClick={[Function]}
          >
            <div
              className="google-icon-wrapper"
            >
              <img
                alt="google button"
                className="google-icon"
                src="https://upload.wikimedia.org/wikipedia/commons/5/53/Google_%22G%22_Logo.svg"
              />
            </div>
            <p
              className="btn-text"
            >
              <b>
                Sign in with google
              </b>
            </p>
          </div>
        </div>
        <a
          href="/auth/register"
          onClick={[Function]}
        >
          Create new account
        </a>
      </form>,
    ],
  ],
]
`;
