// Jest Snapshot v1, https://goo.gl/fbAQLP

exports[`NoteScreen tests should render the component properly 1`] = `
Array [
  " ",
  <div
    className="notes__main-content"
  >
    <div
      className="notes__appbar"
    >
      <span>
         25 de septiembre de 2021
      </span>
      <input
        id="fileSelector"
        name="file"
        onChange={[Function]}
        style={
          Object {
            "display": "none",
          }
        }
        type="file"
      />
      <div>
        <button
          className="btn"
          onClick={[Function]}
        >
          Picture
        </button>
        <button
          className="btn"
          onClick={[Function]}
        >
          Save
        </button>
      </div>
    </div>
    <div
      className="notes__content"
    >
      <input
        autoComplete="off"
        className="notes__title-input"
        name="title"
        onChange={[Function]}
        placeholder="Título sorprendente"
        type="text"
        value="test active note"
      />
      <textarea
        className="notes__textarea"
        name="body"
        onChange={[Function]}
        placeholder="Cuénta qué pasó hoy"
        value="test body"
      />
    </div>
    <button
      className="btn btn-danger"
      onClick={[Function]}
    >
      Delete
    </button>
  </div>,
]
`;
