// Jest Snapshot v1, https://goo.gl/fbAQLP

exports[`<Sidebar /> Tests should render properly 1`] = `
Array [
  " ",
  <aside
    className="journal__sidebar"
  >
    <div
      className="journal__sidebar-navbar"
    >
      <h3
        className="mt-5"
      >
        <i
          className="far fa-moon"
        />
        Ran
      </h3>
      <button
        className="btn"
        onClick={[Function]}
      >
        Lougout
      </button>
    </div>
    <div
      className="journal__new-entry"
      onClick={[Function]}
    >
      <i
        className="far fa-calendar-plus fa-3x"
      />
      <p
        className="mt-5"
      >
        New entry
      </p>
    </div>
    <div
      className="journal__entries "
    />
  </aside>,
]
`;
